Downloading https://services.gradle.org/distributions/gradle-9.3.1-bin.zip
.............10%.............20%.............30%.............40%.............50%.............60%.............70%.............80%.............90%.............100%

Welcome to Gradle 9.3.1!

Here are the highlights of this release:
 - Test reporting improvements
 - Error and warning improvements
 - Build authoring improvements

For more details see https://docs.gradle.org/9.3.1/release-notes.html

To honour the JVM settings for this build a single-use Daemon process will be forked. For more on this, please refer to https://docs.gradle.org/9.3.1/userguide/gradle_daemon.html#sec:disabling_the_daemon in the Gradle documentation.

FAILURE: Build failed with an exception.

* What went wrong:
Unable to download toolchain matching the requirements ({languageVersion=21, vendor=JetBrains, implementation=vendor-specific, nativeImageCapable=false}) from 'https://api.foojay.io/disco/v3.0/ids/ecd23fd7707c683afbcd6052998cb6a9/redirect', due to: Could not HEAD 'https://api.foojay.io/disco/v3.0/ids/ecd23fd7707c683afbcd6052998cb6a9/redirect'.

* Try:
> Run with --stacktrace option to get the stack trace.
> Run with --info or --debug option to get more log output.
> Run with --scan to get full insights from a Build Scan (powered by Develocity).
> Get more help at https://help.gradle.org.
